  甇??斗閬???撠?...
  ???獢?冽??啁????舫脰?????
CSC : error CS2001: ?曆??啣?憪?撘? 'C:\Users\Jimmy\QscanClient\src\QscanClient\obj\Debug\net8.0-windows10.0.19041.0\DocCard.g.cs'??[C:\Users\Jimmy\QscanClient\src\QscanClient\QscanClient_niiabkrp_wpftmp.csproj]
CSC : error CS2001: ?曆??啣?憪?撘? 'C:\Users\Jimmy\QscanClient\src\QscanClient\obj\Debug\net8.0-windows10.0.19041.0\MainWindow.g.cs'??[C:\Users\Jimmy\QscanClient\src\QscanClient\QscanClient_niiabkrp_wpftmp.csproj]
CSC : error CS2001: ?曆??啣?憪?撘? 'C:\Users\Jimmy\QscanClient\src\QscanClient\obj\Debug\net8.0-windows10.0.19041.0\Views\WorkflowEditorView.g.cs'??[C:\Users\Jimmy\QscanClient\src\QscanClient\QscanClient_niiabkrp_wpftmp.csproj]
CSC : error CS2001: ?曆??啣?憪?撘? 'C:\Users\Jimmy\QscanClient\src\QscanClient\obj\Debug\net8.0-windows10.0.19041.0\Views\WorkflowView.g.cs'??[C:\Users\Jimmy\QscanClient\src\QscanClient\QscanClient_niiabkrp_wpftmp.csproj]
CSC : error CS2001: ?曆??啣?憪?撘? 'C:\Users\Jimmy\QscanClient\src\QscanClient\obj\Debug\net8.0-windows10.0.19041.0\Views\DetailView.g.cs'??[C:\Users\Jimmy\QscanClient\src\QscanClient\QscanClient_niiabkrp_wpftmp.csproj]
CSC : error CS2001: ?曆??啣?憪?撘? 'C:\Users\Jimmy\QscanClient\src\QscanClient\obj\Debug\net8.0-windows10.0.19041.0\App.g.cs'??[C:\Users\Jimmy\QscanClient\src\QscanClient\QscanClient_niiabkrp_wpftmp.csproj]
CSC : error CS2001: ?曆??啣?憪?撘? 'C:\Users\Jimmy\QscanClient\src\QscanClient\obj\Debug\net8.0-windows10.0.19041.0\Views\HomeView.g.cs'??[C:\Users\Jimmy\QscanClient\src\QscanClient\QscanClient_niiabkrp_wpftmp.csproj]
CSC : error CS2001: ?曆??啣?憪?撘? 'C:\Users\Jimmy\QscanClient\src\QscanClient\obj\Debug\net8.0-windows10.0.19041.0\GeneratedInternalTypeHelper.g.cs'??[C:\Users\Jimmy\QscanClient\src\QscanClient\QscanClient_niiabkrp_wpftmp.csproj]
CSC : error CS2001: ?曆??啣?憪?撘? 'C:\Users\Jimmy\QscanClient\src\QscanClient\obj\Debug\net8.0-windows10.0.19041.0\Views\SettingsView.g.cs'??[C:\Users\Jimmy\QscanClient\src\QscanClient\QscanClient_niiabkrp_wpftmp.csproj]
CSC : error CS2001: ?曆??啣?憪?撘? 'C:\Users\Jimmy\QscanClient\src\QscanClient\obj\Debug\net8.0-windows10.0.19041.0\QscanClient_Content.g.cs'??[C:\Users\Jimmy\QscanClient\src\QscanClient\QscanClient_niiabkrp_wpftmp.csproj]

撱箇蔭憭望???

CSC : error CS2001: ?曆??啣?憪?撘? 'C:\Users\Jimmy\QscanClient\src\QscanClient\obj\Debug\net8.0-windows10.0.19041.0\DocCard.g.cs'??[C:\Users\Jimmy\QscanClient\src\QscanClient\QscanClient_niiabkrp_wpftmp.csproj]
CSC : error CS2001: ?曆??啣?憪?撘? 'C:\Users\Jimmy\QscanClient\src\QscanClient\obj\Debug\net8.0-windows10.0.19041.0\MainWindow.g.cs'??[C:\Users\Jimmy\QscanClient\src\QscanClient\QscanClient_niiabkrp_wpftmp.csproj]
CSC : error CS2001: ?曆??啣?憪?撘? 'C:\Users\Jimmy\QscanClient\src\QscanClient\obj\Debug\net8.0-windows10.0.19041.0\Views\WorkflowEditorView.g.cs'??[C:\Users\Jimmy\QscanClient\src\QscanClient\QscanClient_niiabkrp_wpftmp.csproj]
CSC : error CS2001: ?曆??啣?憪?撘? 'C:\Users\Jimmy\QscanClient\src\QscanClient\obj\Debug\net8.0-windows10.0.19041.0\Views\WorkflowView.g.cs'??[C:\Users\Jimmy\QscanClient\src\QscanClient\QscanClient_niiabkrp_wpftmp.csproj]
CSC : error CS2001: ?曆??啣?憪?撘? 'C:\Users\Jimmy\QscanClient\src\QscanClient\obj\Debug\net8.0-windows10.0.19041.0\Views\DetailView.g.cs'??[C:\Users\Jimmy\QscanClient\src\QscanClient\QscanClient_niiabkrp_wpftmp.csproj]
CSC : error CS2001: ?曆??啣?憪?撘? 'C:\Users\Jimmy\QscanClient\src\QscanClient\obj\Debug\net8.0-windows10.0.19041.0\App.g.cs'??[C:\Users\Jimmy\QscanClient\src\QscanClient\QscanClient_niiabkrp_wpftmp.csproj]
CSC : error CS2001: ?曆??啣?憪?撘? 'C:\Users\Jimmy\QscanClient\src\QscanClient\obj\Debug\net8.0-windows10.0.19041.0\Views\HomeView.g.cs'??[C:\Users\Jimmy\QscanClient\src\QscanClient\QscanClient_niiabkrp_wpftmp.csproj]
CSC : error CS2001: ?曆??啣?憪?撘? 'C:\Users\Jimmy\QscanClient\src\QscanClient\obj\Debug\net8.0-windows10.0.19041.0\GeneratedInternalTypeHelper.g.cs'??[C:\Users\Jimmy\QscanClient\src\QscanClient\QscanClient_niiabkrp_wpftmp.csproj]
CSC : error CS2001: ?曆??啣?憪?撘? 'C:\Users\Jimmy\QscanClient\src\QscanClient\obj\Debug\net8.0-windows10.0.19041.0\Views\SettingsView.g.cs'??[C:\Users\Jimmy\QscanClient\src\QscanClient\QscanClient_niiabkrp_wpftmp.csproj]
CSC : error CS2001: ?曆??啣?憪?撘? 'C:\Users\Jimmy\QscanClient\src\QscanClient\obj\Debug\net8.0-windows10.0.19041.0\QscanClient_Content.g.cs'??[C:\Users\Jimmy\QscanClient\src\QscanClient\QscanClient_niiabkrp_wpftmp.csproj]
    0 ?郎??
    10 ?隤?

蝬??? 00:00:03.54
