  甇??斗閬???撠?...
  ???獢?冽??啁????舫脰?????
CSC : error CS5001: 蝔??芸??恍?脣暺??? 'Main' ?寞? [C:\Users\Jimmy\QscanClient\src\QscanClient\QscanClient_d0kzogij_wpftmp.csproj]
C:\Users\Jimmy\QscanClient\src\QscanClient\MainWindow.xaml.cs(9,9): error CS0103: ?迂 'InitializeComponent' 銝??冽?桀??摰嫣葉 [C:\Users\Jimmy\QscanClient\src\QscanClient\QscanClient_d0kzogij_wpftmp.csproj]

撱箇蔭憭望???

CSC : error CS5001: 蝔??芸??恍?脣暺??? 'Main' ?寞? [C:\Users\Jimmy\QscanClient\src\QscanClient\QscanClient_d0kzogij_wpftmp.csproj]
C:\Users\Jimmy\QscanClient\src\QscanClient\MainWindow.xaml.cs(9,9): error CS0103: ?迂 'InitializeComponent' 銝??冽?桀??摰嫣葉 [C:\Users\Jimmy\QscanClient\src\QscanClient\QscanClient_d0kzogij_wpftmp.csproj]
    0 ?郎??
    2 ?隤?

蝬??? 00:00:03.92
